

================================================================
== Vivado HLS Report for 'linear_activation'
================================================================
* Date:           Tue Apr 10 00:18:53 2018

* Version:        2017.4 (Build 2086221 on Fri Dec 15 21:13:33 MST 2017)
* Project:        mnist_fp32_naive
* Solution:       solution1
* Product family: zynq
* Target device:  xc7z020clg400-1


================================================================
== Performance Estimates
================================================================
+ Timing (ns): 
    * Summary: 
    +--------+-------+----------+------------+
    |  Clock | Target| Estimated| Uncertainty|
    +--------+-------+----------+------------+
    |ap_clk  |  10.00|      8.43|        1.25|
    +--------+-------+----------+------------+

+ Latency (clock cycles): 
    * Summary: 
    +------+------+------+------+---------+
    |   Latency   |   Interval  | Pipeline|
    |  min |  max |  min |  max |   Type  |
    +------+------+------+------+---------+
    |  4003|  4003|  4003|  4003|   none  |
    +------+------+------+------+---------+

    + Detail: 
        * Instance: 
        N/A

        * Loop: 
        +------------+------+------+----------+-----------+-----------+------+----------+
        |            |   Latency   | Iteration|  Initiation Interval  | Trip |          |
        |  Loop Name |  min |  max |  Latency |  achieved |   target  | Count| Pipelined|
        +------------+------+------+----------+-----------+-----------+------+----------+
        |- NewInput  |  3929|  3929|        15|          5|          1|   784|    yes   |
        |- Result    |    70|    70|         8|          1|          1|    64|    yes   |
        +------------+------+------+----------+-----------+-----------+------+----------+



================================================================
== Utilization Estimates
================================================================
* Summary: 
+-----------------+---------+-------+--------+-------+
|       Name      | BRAM_18K| DSP48E|   FF   |  LUT  |
+-----------------+---------+-------+--------+-------+
|DSP              |        -|      -|       -|      -|
|Expression       |        -|      -|       0|    128|
|FIFO             |        -|      -|       -|      -|
|Instance         |        -|     65|    4524|   9298|
|Memory           |      115|      -|       0|      0|
|Multiplexer      |        -|      -|       -|   2469|
|Register         |        0|      -|    8089|     64|
+-----------------+---------+-------+--------+-------+
|Total            |      115|     65|   12613|  11959|
+-----------------+---------+-------+--------+-------+
|Available        |      280|    220|  106400|  53200|
+-----------------+---------+-------+--------+-------+
|Utilization (%)  |       41|     29|      11|     22|
+-----------------+---------+-------+--------+-------+

+ Detail: 
    * Instance: 
    +--------------------------+----------------------+---------+-------+-----+-----+
    |         Instance         |        Module        | BRAM_18K| DSP48E|  FF | LUT |
    +--------------------------+----------------------+---------+-------+-----+-----+
    |mnist_fp32_naive_dEe_U9   |mnist_fp32_naive_dEe  |        0|      2|  205|  390|
    |mnist_fp32_naive_dEe_U10  |mnist_fp32_naive_dEe  |        0|      2|  205|  390|
    |mnist_fp32_naive_dEe_U11  |mnist_fp32_naive_dEe  |        0|      2|  205|  390|
    |mnist_fp32_naive_dEe_U12  |mnist_fp32_naive_dEe  |        0|      2|  205|  390|
    |mnist_fp32_naive_dEe_U13  |mnist_fp32_naive_dEe  |        0|      2|  205|  390|
    |mnist_fp32_naive_dEe_U14  |mnist_fp32_naive_dEe  |        0|      2|  205|  390|
    |mnist_fp32_naive_dEe_U15  |mnist_fp32_naive_dEe  |        0|      2|  205|  390|
    |mnist_fp32_naive_dEe_U16  |mnist_fp32_naive_dEe  |        0|      2|  205|  390|
    |mnist_fp32_naive_dEe_U17  |mnist_fp32_naive_dEe  |        0|      2|  205|  390|
    |mnist_fp32_naive_dEe_U18  |mnist_fp32_naive_dEe  |        0|      2|  205|  390|
    |mnist_fp32_naive_dEe_U19  |mnist_fp32_naive_dEe  |        0|      2|  205|  390|
    |mnist_fp32_naive_dEe_U20  |mnist_fp32_naive_dEe  |        0|      2|  205|  390|
    |mnist_fp32_naive_dEe_U21  |mnist_fp32_naive_dEe  |        0|      2|  205|  390|
    |mnist_fp32_naive_eOg_U22  |mnist_fp32_naive_eOg  |        0|      3|  143|  321|
    |mnist_fp32_naive_eOg_U23  |mnist_fp32_naive_eOg  |        0|      3|  143|  321|
    |mnist_fp32_naive_eOg_U24  |mnist_fp32_naive_eOg  |        0|      3|  143|  321|
    |mnist_fp32_naive_eOg_U25  |mnist_fp32_naive_eOg  |        0|      3|  143|  321|
    |mnist_fp32_naive_eOg_U26  |mnist_fp32_naive_eOg  |        0|      3|  143|  321|
    |mnist_fp32_naive_eOg_U27  |mnist_fp32_naive_eOg  |        0|      3|  143|  321|
    |mnist_fp32_naive_eOg_U28  |mnist_fp32_naive_eOg  |        0|      3|  143|  321|
    |mnist_fp32_naive_eOg_U29  |mnist_fp32_naive_eOg  |        0|      3|  143|  321|
    |mnist_fp32_naive_eOg_U30  |mnist_fp32_naive_eOg  |        0|      3|  143|  321|
    |mnist_fp32_naive_eOg_U31  |mnist_fp32_naive_eOg  |        0|      3|  143|  321|
    |mnist_fp32_naive_eOg_U32  |mnist_fp32_naive_eOg  |        0|      3|  143|  321|
    |mnist_fp32_naive_eOg_U33  |mnist_fp32_naive_eOg  |        0|      3|  143|  321|
    |mnist_fp32_naive_eOg_U34  |mnist_fp32_naive_eOg  |        0|      3|  143|  321|
    |mnist_fp32_naive_fYi_U35  |mnist_fp32_naive_fYi  |        0|      0|    0|   55|
    +--------------------------+----------------------+---------+-------+-----+-----+
    |Total                     |                      |        0|     65| 4524| 9298|
    +--------------------------+----------------------+---------+-------+-----+-----+

    * DSP48: 
    N/A

    * Memory: 
    +--------------+----------------------+---------+---+----+------+------+------+-------------+
    |    Memory    |        Module        | BRAM_18K| FF| LUT| Words| Bits | Banks| W*Bits*Banks|
    +--------------+----------------------+---------+---+----+------+------+------+-------------+
    |L1_WEIGHTS_U  |linear_activationbkb  |      114|  0|   0|   784|  2048|     1|      1605632|
    |L1_BIAS_U     |linear_activationcud  |        1|  0|   0|    64|    32|     1|         2048|
    +--------------+----------------------+---------+---+----+------+------+------+-------------+
    |Total         |                      |      115|  0|   0|   848|  2080|     2|      1607680|
    +--------------+----------------------+---------+---+----+------+------+------+-------------+

    * FIFO: 
    N/A

    * Expression: 
    +-----------------------------------+----------+-------+---+----+------------+------------+
    |           Variable Name           | Operation| DSP48E| FF| LUT| Bitwidth P0| Bitwidth P1|
    +-----------------------------------+----------+-------+---+----+------------+------------+
    |ii_2_fu_1349_p2                    |     +    |      0|  0|  17|          10|           1|
    |ires_1_fu_2256_p2                  |     +    |      0|  0|  15|           7|           1|
    |ap_block_pp0_stage1_11001          |    and   |      0|  0|   8|           1|           1|
    |ap_block_pp1_stage0_01001          |    and   |      0|  0|   8|           1|           1|
    |ap_block_state25_pp1_stage0_iter7  |    and   |      0|  0|   8|           1|           1|
    |ap_block_state3_pp0_stage1_iter0   |    and   |      0|  0|   8|           1|           1|
    |exitcond5_fu_1343_p2               |   icmp   |      0|  0|  13|          10|           9|
    |exitcond_fu_2250_p2                |   icmp   |      0|  0|  11|           7|           8|
    |ap_block_state1                    |    or    |      0|  0|   8|           1|           1|
    |ap_enable_pp0                      |    xor   |      0|  0|   8|           1|           2|
    |ap_enable_pp1                      |    xor   |      0|  0|   8|           1|           2|
    |ap_enable_reg_pp0_iter1            |    xor   |      0|  0|   8|           2|           1|
    |ap_enable_reg_pp1_iter1            |    xor   |      0|  0|   8|           2|           1|
    +-----------------------------------+----------+-------+---+----+------------+------------+
    |Total                              |          |      0|  0| 128|          45|          30|
    +-----------------------------------+----------+-------+---+----+------------+------------+

    * Multiplexer: 
    +----------------------------------+----+-----------+-----+-----------+
    |               Name               | LUT| Input Size| Bits| Total Bits|
    +----------------------------------+----+-----------+-----+-----------+
    |acc_0_reg_1135                    |   9|          2|   32|         64|
    |acc_10_reg_1015                   |   9|          2|   32|         64|
    |acc_11_reg_1003                   |   9|          2|   32|         64|
    |acc_12_reg_991                    |   9|          2|   32|         64|
    |acc_13_reg_979                    |   9|          2|   32|         64|
    |acc_14_reg_967                    |   9|          2|   32|         64|
    |acc_15_reg_955                    |   9|          2|   32|         64|
    |acc_16_reg_943                    |   9|          2|   32|         64|
    |acc_17_reg_931                    |   9|          2|   32|         64|
    |acc_18_reg_919                    |   9|          2|   32|         64|
    |acc_19_reg_907                    |   9|          2|   32|         64|
    |acc_1_reg_1123                    |   9|          2|   32|         64|
    |acc_20_reg_895                    |   9|          2|   32|         64|
    |acc_21_reg_883                    |   9|          2|   32|         64|
    |acc_22_reg_871                    |   9|          2|   32|         64|
    |acc_23_reg_859                    |   9|          2|   32|         64|
    |acc_24_reg_847                    |   9|          2|   32|         64|
    |acc_25_reg_835                    |   9|          2|   32|         64|
    |acc_26_reg_823                    |   9|          2|   32|         64|
    |acc_27_reg_811                    |   9|          2|   32|         64|
    |acc_28_reg_799                    |   9|          2|   32|         64|
    |acc_29_reg_787                    |   9|          2|   32|         64|
    |acc_2_reg_1111                    |   9|          2|   32|         64|
    |acc_30_reg_775                    |   9|          2|   32|         64|
    |acc_31_reg_763                    |   9|          2|   32|         64|
    |acc_32_reg_751                    |   9|          2|   32|         64|
    |acc_33_reg_739                    |   9|          2|   32|         64|
    |acc_34_reg_727                    |   9|          2|   32|         64|
    |acc_35_reg_715                    |   9|          2|   32|         64|
    |acc_36_reg_703                    |   9|          2|   32|         64|
    |acc_37_reg_691                    |   9|          2|   32|         64|
    |acc_38_reg_679                    |   9|          2|   32|         64|
    |acc_39_reg_667                    |   9|          2|   32|         64|
    |acc_3_reg_1099                    |   9|          2|   32|         64|
    |acc_40_reg_655                    |   9|          2|   32|         64|
    |acc_41_reg_643                    |   9|          2|   32|         64|
    |acc_42_reg_631                    |   9|          2|   32|         64|
    |acc_43_reg_619                    |   9|          2|   32|         64|
    |acc_44_reg_607                    |   9|          2|   32|         64|
    |acc_45_reg_595                    |   9|          2|   32|         64|
    |acc_46_reg_583                    |   9|          2|   32|         64|
    |acc_47_reg_571                    |   9|          2|   32|         64|
    |acc_48_reg_559                    |   9|          2|   32|         64|
    |acc_49_reg_547                    |   9|          2|   32|         64|
    |acc_4_reg_1087                    |   9|          2|   32|         64|
    |acc_50_reg_535                    |   9|          2|   32|         64|
    |acc_51_reg_523                    |   9|          2|   32|         64|
    |acc_52_reg_511                    |   9|          2|   32|         64|
    |acc_53_reg_499                    |   9|          2|   32|         64|
    |acc_54_reg_487                    |   9|          2|   32|         64|
    |acc_55_reg_475                    |   9|          2|   32|         64|
    |acc_56_reg_463                    |   9|          2|   32|         64|
    |acc_57_reg_451                    |   9|          2|   32|         64|
    |acc_58_reg_439                    |   9|          2|   32|         64|
    |acc_59_reg_427                    |   9|          2|   32|         64|
    |acc_5_reg_1075                    |   9|          2|   32|         64|
    |acc_60_reg_415                    |   9|          2|   32|         64|
    |acc_61_reg_403                    |   9|          2|   32|         64|
    |acc_62_reg_391                    |   9|          2|   32|         64|
    |acc_63_reg_379                    |   9|          2|   32|         64|
    |acc_6_reg_1063                    |   9|          2|   32|         64|
    |acc_7_reg_1051                    |   9|          2|   32|         64|
    |acc_8_reg_1039                    |   9|          2|   32|         64|
    |acc_9_reg_1027                    |   9|          2|   32|         64|
    |ap_NS_fsm                         |  47|         10|    1|         10|
    |ap_done                           |   9|          2|    1|          2|
    |ap_enable_reg_pp0_iter1           |   9|          2|    1|          2|
    |ap_enable_reg_pp0_iter2           |   9|          2|    1|          2|
    |ap_enable_reg_pp1_iter1           |   9|          2|    1|          2|
    |ap_enable_reg_pp1_iter7           |   9|          2|    1|          2|
    |ap_phi_mux_acc_0_phi_fu_1139_p4   |   9|          2|   32|         64|
    |ap_phi_mux_acc_10_phi_fu_1019_p4  |   9|          2|   32|         64|
    |ap_phi_mux_acc_11_phi_fu_1007_p4  |   9|          2|   32|         64|
    |ap_phi_mux_acc_12_phi_fu_995_p4   |   9|          2|   32|         64|
    |ap_phi_mux_acc_13_phi_fu_983_p4   |   9|          2|   32|         64|
    |ap_phi_mux_acc_14_phi_fu_971_p4   |   9|          2|   32|         64|
    |ap_phi_mux_acc_15_phi_fu_959_p4   |   9|          2|   32|         64|
    |ap_phi_mux_acc_16_phi_fu_947_p4   |   9|          2|   32|         64|
    |ap_phi_mux_acc_17_phi_fu_935_p4   |   9|          2|   32|         64|
    |ap_phi_mux_acc_18_phi_fu_923_p4   |   9|          2|   32|         64|
    |ap_phi_mux_acc_19_phi_fu_911_p4   |   9|          2|   32|         64|
    |ap_phi_mux_acc_1_phi_fu_1127_p4   |   9|          2|   32|         64|
    |ap_phi_mux_acc_20_phi_fu_899_p4   |   9|          2|   32|         64|
    |ap_phi_mux_acc_21_phi_fu_887_p4   |   9|          2|   32|         64|
    |ap_phi_mux_acc_22_phi_fu_875_p4   |   9|          2|   32|         64|
    |ap_phi_mux_acc_23_phi_fu_863_p4   |   9|          2|   32|         64|
    |ap_phi_mux_acc_24_phi_fu_851_p4   |   9|          2|   32|         64|
    |ap_phi_mux_acc_25_phi_fu_839_p4   |   9|          2|   32|         64|
    |ap_phi_mux_acc_26_phi_fu_827_p4   |   9|          2|   32|         64|
    |ap_phi_mux_acc_27_phi_fu_815_p4   |   9|          2|   32|         64|
    |ap_phi_mux_acc_28_phi_fu_803_p4   |   9|          2|   32|         64|
    |ap_phi_mux_acc_29_phi_fu_791_p4   |   9|          2|   32|         64|
    |ap_phi_mux_acc_2_phi_fu_1115_p4   |   9|          2|   32|         64|
    |ap_phi_mux_acc_30_phi_fu_779_p4   |   9|          2|   32|         64|
    |ap_phi_mux_acc_31_phi_fu_767_p4   |   9|          2|   32|         64|
    |ap_phi_mux_acc_32_phi_fu_755_p4   |   9|          2|   32|         64|
    |ap_phi_mux_acc_33_phi_fu_743_p4   |   9|          2|   32|         64|
    |ap_phi_mux_acc_34_phi_fu_731_p4   |   9|          2|   32|         64|
    |ap_phi_mux_acc_35_phi_fu_719_p4   |   9|          2|   32|         64|
    |ap_phi_mux_acc_36_phi_fu_707_p4   |   9|          2|   32|         64|
    |ap_phi_mux_acc_37_phi_fu_695_p4   |   9|          2|   32|         64|
    |ap_phi_mux_acc_38_phi_fu_683_p4   |   9|          2|   32|         64|
    |ap_phi_mux_acc_39_phi_fu_671_p4   |   9|          2|   32|         64|
    |ap_phi_mux_acc_3_phi_fu_1103_p4   |   9|          2|   32|         64|
    |ap_phi_mux_acc_40_phi_fu_659_p4   |   9|          2|   32|         64|
    |ap_phi_mux_acc_41_phi_fu_647_p4   |   9|          2|   32|         64|
    |ap_phi_mux_acc_42_phi_fu_635_p4   |   9|          2|   32|         64|
    |ap_phi_mux_acc_43_phi_fu_623_p4   |   9|          2|   32|         64|
    |ap_phi_mux_acc_44_phi_fu_611_p4   |   9|          2|   32|         64|
    |ap_phi_mux_acc_45_phi_fu_599_p4   |   9|          2|   32|         64|
    |ap_phi_mux_acc_46_phi_fu_587_p4   |   9|          2|   32|         64|
    |ap_phi_mux_acc_47_phi_fu_575_p4   |   9|          2|   32|         64|
    |ap_phi_mux_acc_48_phi_fu_563_p4   |   9|          2|   32|         64|
    |ap_phi_mux_acc_49_phi_fu_551_p4   |   9|          2|   32|         64|
    |ap_phi_mux_acc_4_phi_fu_1091_p4   |   9|          2|   32|         64|
    |ap_phi_mux_acc_50_phi_fu_539_p4   |   9|          2|   32|         64|
    |ap_phi_mux_acc_51_phi_fu_527_p4   |   9|          2|   32|         64|
    |ap_phi_mux_acc_5_phi_fu_1079_p4   |   9|          2|   32|         64|
    |ap_phi_mux_acc_6_phi_fu_1067_p4   |   9|          2|   32|         64|
    |ap_phi_mux_acc_7_phi_fu_1055_p4   |   9|          2|   32|         64|
    |ap_phi_mux_acc_8_phi_fu_1043_p4   |   9|          2|   32|         64|
    |ap_phi_mux_acc_9_phi_fu_1031_p4   |   9|          2|   32|         64|
    |ap_phi_mux_ii_phi_fu_1151_p4      |   9|          2|   10|         20|
    |data_in_V_blk_n                   |   9|          2|    1|          2|
    |data_out_V_blk_n                  |   9|          2|    1|          2|
    |grp_fu_1169_p0                    |  38|          7|   32|        224|
    |grp_fu_1169_p1                    |  38|          7|   32|        224|
    |grp_fu_1174_p0                    |  33|          6|   32|        192|
    |grp_fu_1174_p1                    |  33|          6|   32|        192|
    |grp_fu_1179_p0                    |  33|          6|   32|        192|
    |grp_fu_1179_p1                    |  33|          6|   32|        192|
    |grp_fu_1184_p0                    |  33|          6|   32|        192|
    |grp_fu_1184_p1                    |  33|          6|   32|        192|
    |grp_fu_1189_p0                    |  33|          6|   32|        192|
    |grp_fu_1189_p1                    |  33|          6|   32|        192|
    |grp_fu_1194_p0                    |  33|          6|   32|        192|
    |grp_fu_1194_p1                    |  33|          6|   32|        192|
    |grp_fu_1199_p0                    |  33|          6|   32|        192|
    |grp_fu_1199_p1                    |  33|          6|   32|        192|
    |grp_fu_1204_p0                    |  33|          6|   32|        192|
    |grp_fu_1204_p1                    |  33|          6|   32|        192|
    |grp_fu_1209_p0                    |  33|          6|   32|        192|
    |grp_fu_1209_p1                    |  33|          6|   32|        192|
    |grp_fu_1214_p0                    |  33|          6|   32|        192|
    |grp_fu_1214_p1                    |  33|          6|   32|        192|
    |grp_fu_1219_p0                    |  33|          6|   32|        192|
    |grp_fu_1219_p1                    |  33|          6|   32|        192|
    |grp_fu_1224_p0                    |  33|          6|   32|        192|
    |grp_fu_1224_p1                    |  33|          6|   32|        192|
    |grp_fu_1229_p0                    |  27|          5|   32|        160|
    |grp_fu_1229_p1                    |  27|          5|   32|        160|
    |grp_fu_1285_p1                    |  33|          6|   32|        192|
    |grp_fu_1289_p1                    |  33|          6|   32|        192|
    |grp_fu_1293_p1                    |  33|          6|   32|        192|
    |grp_fu_1297_p1                    |  33|          6|   32|        192|
    |grp_fu_1301_p1                    |  33|          6|   32|        192|
    |grp_fu_1305_p1                    |  33|          6|   32|        192|
    |grp_fu_1309_p1                    |  33|          6|   32|        192|
    |grp_fu_1313_p1                    |  33|          6|   32|        192|
    |grp_fu_1317_p1                    |  33|          6|   32|        192|
    |grp_fu_1321_p1                    |  33|          6|   32|        192|
    |grp_fu_1325_p1                    |  33|          6|   32|        192|
    |grp_fu_1329_p1                    |  33|          6|   32|        192|
    |grp_fu_1333_p1                    |  27|          5|   32|        160|
    |ii_reg_1147                       |   9|          2|   10|         20|
    |ires_reg_1158                     |   9|          2|    7|         14|
    |real_start                        |   9|          2|    1|          2|
    +----------------------------------+----+-----------+-----+-----------+
    |Total                             |2469|        497| 4996|      14960|
    +----------------------------------+----+-----------+-----+-----------+

    * Register: 
    +-------------------------+----+----+-----+-----------+
    |           Name          | FF | LUT| Bits| Const Bits|
    +-------------------------+----+----+-----+-----------+
    |L1_BIAS_load_reg_3734    |  32|   0|   32|          0|
    |acc_0_reg_1135           |  32|   0|   32|          0|
    |acc_10_1_reg_3440        |  32|   0|   32|          0|
    |acc_10_reg_1015          |  32|   0|   32|          0|
    |acc_11_1_reg_3445        |  32|   0|   32|          0|
    |acc_11_reg_1003          |  32|   0|   32|          0|
    |acc_12_1_reg_3450        |  32|   0|   32|          0|
    |acc_12_reg_991           |  32|   0|   32|          0|
    |acc_13_1_reg_3455        |  32|   0|   32|          0|
    |acc_13_reg_979           |  32|   0|   32|          0|
    |acc_14_1_reg_3460        |  32|   0|   32|          0|
    |acc_14_reg_967           |  32|   0|   32|          0|
    |acc_15_1_reg_3465        |  32|   0|   32|          0|
    |acc_15_reg_955           |  32|   0|   32|          0|
    |acc_16_1_reg_3470        |  32|   0|   32|          0|
    |acc_16_reg_943           |  32|   0|   32|          0|
    |acc_17_1_reg_3475        |  32|   0|   32|          0|
    |acc_17_reg_931           |  32|   0|   32|          0|
    |acc_18_1_reg_3480        |  32|   0|   32|          0|
    |acc_18_reg_919           |  32|   0|   32|          0|
    |acc_19_1_reg_3485        |  32|   0|   32|          0|
    |acc_19_reg_907           |  32|   0|   32|          0|
    |acc_1_1_reg_3395         |  32|   0|   32|          0|
    |acc_1_reg_1123           |  32|   0|   32|          0|
    |acc_20_1_reg_3490        |  32|   0|   32|          0|
    |acc_20_reg_895           |  32|   0|   32|          0|
    |acc_21_1_reg_3495        |  32|   0|   32|          0|
    |acc_21_reg_883           |  32|   0|   32|          0|
    |acc_22_1_reg_3500        |  32|   0|   32|          0|
    |acc_22_reg_871           |  32|   0|   32|          0|
    |acc_23_1_reg_3505        |  32|   0|   32|          0|
    |acc_23_reg_859           |  32|   0|   32|          0|
    |acc_24_1_reg_3510        |  32|   0|   32|          0|
    |acc_24_reg_847           |  32|   0|   32|          0|
    |acc_25_1_reg_3515        |  32|   0|   32|          0|
    |acc_25_reg_835           |  32|   0|   32|          0|
    |acc_26_1_reg_3520        |  32|   0|   32|          0|
    |acc_26_reg_823           |  32|   0|   32|          0|
    |acc_27_1_reg_3525        |  32|   0|   32|          0|
    |acc_27_reg_811           |  32|   0|   32|          0|
    |acc_28_1_reg_3530        |  32|   0|   32|          0|
    |acc_28_reg_799           |  32|   0|   32|          0|
    |acc_29_1_reg_3535        |  32|   0|   32|          0|
    |acc_29_reg_787           |  32|   0|   32|          0|
    |acc_2_1_reg_3400         |  32|   0|   32|          0|
    |acc_2_reg_1111           |  32|   0|   32|          0|
    |acc_30_1_reg_3540        |  32|   0|   32|          0|
    |acc_30_reg_775           |  32|   0|   32|          0|
    |acc_31_1_reg_3545        |  32|   0|   32|          0|
    |acc_31_reg_763           |  32|   0|   32|          0|
    |acc_32_1_reg_3550        |  32|   0|   32|          0|
    |acc_32_reg_751           |  32|   0|   32|          0|
    |acc_33_1_reg_3555        |  32|   0|   32|          0|
    |acc_33_reg_739           |  32|   0|   32|          0|
    |acc_34_1_reg_3560        |  32|   0|   32|          0|
    |acc_34_reg_727           |  32|   0|   32|          0|
    |acc_35_1_reg_3565        |  32|   0|   32|          0|
    |acc_35_reg_715           |  32|   0|   32|          0|
    |acc_36_1_reg_3570        |  32|   0|   32|          0|
    |acc_36_reg_703           |  32|   0|   32|          0|
    |acc_37_1_reg_3575        |  32|   0|   32|          0|
    |acc_37_reg_691           |  32|   0|   32|          0|
    |acc_38_1_reg_3580        |  32|   0|   32|          0|
    |acc_38_reg_679           |  32|   0|   32|          0|
    |acc_39_1_reg_3585        |  32|   0|   32|          0|
    |acc_39_reg_667           |  32|   0|   32|          0|
    |acc_3_1_reg_3405         |  32|   0|   32|          0|
    |acc_3_reg_1099           |  32|   0|   32|          0|
    |acc_40_1_reg_3590        |  32|   0|   32|          0|
    |acc_40_reg_655           |  32|   0|   32|          0|
    |acc_41_1_reg_3595        |  32|   0|   32|          0|
    |acc_41_reg_643           |  32|   0|   32|          0|
    |acc_42_1_reg_3600        |  32|   0|   32|          0|
    |acc_42_reg_631           |  32|   0|   32|          0|
    |acc_43_1_reg_3605        |  32|   0|   32|          0|
    |acc_43_reg_619           |  32|   0|   32|          0|
    |acc_44_1_reg_3610        |  32|   0|   32|          0|
    |acc_44_reg_607           |  32|   0|   32|          0|
    |acc_45_1_reg_3615        |  32|   0|   32|          0|
    |acc_45_reg_595           |  32|   0|   32|          0|
    |acc_46_1_reg_3620        |  32|   0|   32|          0|
    |acc_46_reg_583           |  32|   0|   32|          0|
    |acc_47_1_reg_3625        |  32|   0|   32|          0|
    |acc_47_reg_571           |  32|   0|   32|          0|
    |acc_48_1_reg_3630        |  32|   0|   32|          0|
    |acc_48_reg_559           |  32|   0|   32|          0|
    |acc_49_1_reg_3635        |  32|   0|   32|          0|
    |acc_49_reg_547           |  32|   0|   32|          0|
    |acc_4_1_reg_3410         |  32|   0|   32|          0|
    |acc_4_reg_1087           |  32|   0|   32|          0|
    |acc_50_1_reg_3640        |  32|   0|   32|          0|
    |acc_50_reg_535           |  32|   0|   32|          0|
    |acc_51_1_reg_3645        |  32|   0|   32|          0|
    |acc_51_reg_523           |  32|   0|   32|          0|
    |acc_52_reg_511           |  32|   0|   32|          0|
    |acc_53_reg_499           |  32|   0|   32|          0|
    |acc_54_reg_487           |  32|   0|   32|          0|
    |acc_55_reg_475           |  32|   0|   32|          0|
    |acc_56_reg_463           |  32|   0|   32|          0|
    |acc_57_reg_451           |  32|   0|   32|          0|
    |acc_58_reg_439           |  32|   0|   32|          0|
    |acc_59_reg_427           |  32|   0|   32|          0|
    |acc_5_1_reg_3415         |  32|   0|   32|          0|
    |acc_5_reg_1075           |  32|   0|   32|          0|
    |acc_60_reg_415           |  32|   0|   32|          0|
    |acc_61_reg_403           |  32|   0|   32|          0|
    |acc_62_reg_391           |  32|   0|   32|          0|
    |acc_63_reg_379           |  32|   0|   32|          0|
    |acc_6_1_reg_3420         |  32|   0|   32|          0|
    |acc_6_reg_1063           |  32|   0|   32|          0|
    |acc_7_1_reg_3425         |  32|   0|   32|          0|
    |acc_7_reg_1051           |  32|   0|   32|          0|
    |acc_8_1_reg_3430         |  32|   0|   32|          0|
    |acc_8_reg_1039           |  32|   0|   32|          0|
    |acc_9_1_reg_3435         |  32|   0|   32|          0|
    |acc_9_reg_1027           |  32|   0|   32|          0|
    |ap_CS_fsm                |   9|   0|    9|          0|
    |ap_done_reg              |   1|   0|    1|          0|
    |ap_enable_reg_pp0_iter0  |   1|   0|    1|          0|
    |ap_enable_reg_pp0_iter1  |   1|   0|    1|          0|
    |ap_enable_reg_pp0_iter2  |   1|   0|    1|          0|
    |ap_enable_reg_pp1_iter0  |   1|   0|    1|          0|
    |ap_enable_reg_pp1_iter1  |   1|   0|    1|          0|
    |ap_enable_reg_pp1_iter2  |   1|   0|    1|          0|
    |ap_enable_reg_pp1_iter3  |   1|   0|    1|          0|
    |ap_enable_reg_pp1_iter4  |   1|   0|    1|          0|
    |ap_enable_reg_pp1_iter5  |   1|   0|    1|          0|
    |ap_enable_reg_pp1_iter6  |   1|   0|    1|          0|
    |ap_enable_reg_pp1_iter7  |   1|   0|    1|          0|
    |exitcond5_reg_2404       |   1|   0|    1|          0|
    |exitcond_reg_3710        |   1|   0|    1|          0|
    |ii_2_reg_2408            |  10|   0|   10|          0|
    |ii_reg_1147              |  10|   0|   10|          0|
    |ires_reg_1158            |   7|   0|    7|          0|
    |reg_1337                 |  32|   0|   32|          0|
    |start_once_reg           |   1|   0|    1|          0|
    |tmp_100_reg_2670         |  32|   0|   32|          0|
    |tmp_102_reg_2675         |  32|   0|   32|          0|
    |tmp_104_reg_2680         |  32|   0|   32|          0|
    |tmp_106_reg_2685         |  32|   0|   32|          0|
    |tmp_108_reg_2690         |  32|   0|   32|          0|
    |tmp_10_reg_2445          |  32|   0|   32|          0|
    |tmp_110_reg_2695         |  32|   0|   32|          0|
    |tmp_112_reg_2700         |  32|   0|   32|          0|
    |tmp_114_reg_2705         |  32|   0|   32|          0|
    |tmp_116_reg_2710         |  32|   0|   32|          0|
    |tmp_118_reg_2715         |  32|   0|   32|          0|
    |tmp_120_reg_2720         |  32|   0|   32|          0|
    |tmp_122_reg_2725         |  32|   0|   32|          0|
    |tmp_124_reg_2730         |  32|   0|   32|          0|
    |tmp_126_reg_2735         |  32|   0|   32|          0|
    |tmp_128_reg_2740         |  32|   0|   32|          0|
    |tmp_12_reg_2450          |  32|   0|   32|          0|
    |tmp_130_reg_2745         |  32|   0|   32|          0|
    |tmp_132_reg_2750         |  32|   0|   32|          0|
    |tmp_135_reg_3729         |  32|   0|   32|          0|
    |tmp_137_reg_2435         |  32|   0|   32|          0|
    |tmp_138_reg_3719         |   6|   0|    6|          0|
    |tmp_139_reg_2418         |  32|   0|   32|          0|
    |tmp_14_reg_2455          |  32|   0|   32|          0|
    |tmp_16_reg_2460          |  32|   0|   32|          0|
    |tmp_18_reg_2465          |  32|   0|   32|          0|
    |tmp_1_reg_2440           |  32|   0|   32|          0|
    |tmp_20_reg_2470          |  32|   0|   32|          0|
    |tmp_22_reg_2475          |  32|   0|   32|          0|
    |tmp_24_reg_2480          |  32|   0|   32|          0|
    |tmp_26_reg_2485          |  32|   0|   32|          0|
    |tmp_28_reg_2490          |  32|   0|   32|          0|
    |tmp_30_reg_2495          |  32|   0|   32|          0|
    |tmp_32_reg_2500          |  32|   0|   32|          0|
    |tmp_34_reg_2505          |  32|   0|   32|          0|
    |tmp_36_reg_2510          |  32|   0|   32|          0|
    |tmp_38_reg_2515          |  32|   0|   32|          0|
    |tmp_40_reg_2520          |  32|   0|   32|          0|
    |tmp_42_reg_2525          |  32|   0|   32|          0|
    |tmp_44_reg_2530          |  32|   0|   32|          0|
    |tmp_46_reg_2535          |  32|   0|   32|          0|
    |tmp_48_reg_2540          |  32|   0|   32|          0|
    |tmp_50_reg_2545          |  32|   0|   32|          0|
    |tmp_52_reg_2550          |  32|   0|   32|          0|
    |tmp_54_reg_2555          |  32|   0|   32|          0|
    |tmp_56_reg_2560          |  32|   0|   32|          0|
    |tmp_58_reg_2565          |  32|   0|   32|          0|
    |tmp_5_10_reg_3005        |  32|   0|   32|          0|
    |tmp_5_11_reg_3010        |  32|   0|   32|          0|
    |tmp_5_12_reg_3080        |  32|   0|   32|          0|
    |tmp_5_13_reg_3085        |  32|   0|   32|          0|
    |tmp_5_14_reg_3090        |  32|   0|   32|          0|
    |tmp_5_15_reg_3095        |  32|   0|   32|          0|
    |tmp_5_16_reg_3100        |  32|   0|   32|          0|
    |tmp_5_17_reg_3105        |  32|   0|   32|          0|
    |tmp_5_18_reg_3110        |  32|   0|   32|          0|
    |tmp_5_19_reg_3115        |  32|   0|   32|          0|
    |tmp_5_1_reg_2955         |  32|   0|   32|          0|
    |tmp_5_20_reg_3120        |  32|   0|   32|          0|
    |tmp_5_21_reg_3125        |  32|   0|   32|          0|
    |tmp_5_22_reg_3130        |  32|   0|   32|          0|
    |tmp_5_23_reg_3135        |  32|   0|   32|          0|
    |tmp_5_24_reg_3140        |  32|   0|   32|          0|
    |tmp_5_25_reg_3205        |  32|   0|   32|          0|
    |tmp_5_26_reg_3210        |  32|   0|   32|          0|
    |tmp_5_27_reg_3215        |  32|   0|   32|          0|
    |tmp_5_28_reg_3220        |  32|   0|   32|          0|
    |tmp_5_29_reg_3225        |  32|   0|   32|          0|
    |tmp_5_2_reg_2960         |  32|   0|   32|          0|
    |tmp_5_30_reg_3230        |  32|   0|   32|          0|
    |tmp_5_31_reg_3235        |  32|   0|   32|          0|
    |tmp_5_32_reg_3240        |  32|   0|   32|          0|
    |tmp_5_33_reg_3245        |  32|   0|   32|          0|
    |tmp_5_34_reg_3250        |  32|   0|   32|          0|
    |tmp_5_35_reg_3255        |  32|   0|   32|          0|
    |tmp_5_36_reg_3260        |  32|   0|   32|          0|
    |tmp_5_37_reg_3265        |  32|   0|   32|          0|
    |tmp_5_38_reg_3270        |  32|   0|   32|          0|
    |tmp_5_39_reg_3275        |  32|   0|   32|          0|
    |tmp_5_3_reg_2965         |  32|   0|   32|          0|
    |tmp_5_40_reg_3280        |  32|   0|   32|          0|
    |tmp_5_41_reg_3285        |  32|   0|   32|          0|
    |tmp_5_42_reg_3290        |  32|   0|   32|          0|
    |tmp_5_43_reg_3295        |  32|   0|   32|          0|
    |tmp_5_44_reg_3300        |  32|   0|   32|          0|
    |tmp_5_45_reg_3305        |  32|   0|   32|          0|
    |tmp_5_46_reg_3310        |  32|   0|   32|          0|
    |tmp_5_47_reg_3315        |  32|   0|   32|          0|
    |tmp_5_48_reg_3320        |  32|   0|   32|          0|
    |tmp_5_49_reg_3325        |  32|   0|   32|          0|
    |tmp_5_4_reg_2970         |  32|   0|   32|          0|
    |tmp_5_50_reg_3330        |  32|   0|   32|          0|
    |tmp_5_51_reg_3335        |  32|   0|   32|          0|
    |tmp_5_52_reg_3340        |  32|   0|   32|          0|
    |tmp_5_53_reg_3345        |  32|   0|   32|          0|
    |tmp_5_54_reg_3350        |  32|   0|   32|          0|
    |tmp_5_55_reg_3355        |  32|   0|   32|          0|
    |tmp_5_56_reg_3360        |  32|   0|   32|          0|
    |tmp_5_57_reg_3365        |  32|   0|   32|          0|
    |tmp_5_58_reg_3370        |  32|   0|   32|          0|
    |tmp_5_59_reg_3375        |  32|   0|   32|          0|
    |tmp_5_5_reg_2975         |  32|   0|   32|          0|
    |tmp_5_60_reg_3380        |  32|   0|   32|          0|
    |tmp_5_61_reg_3385        |  32|   0|   32|          0|
    |tmp_5_62_reg_3390        |  32|   0|   32|          0|
    |tmp_5_6_reg_2980         |  32|   0|   32|          0|
    |tmp_5_7_reg_2985         |  32|   0|   32|          0|
    |tmp_5_8_reg_2990         |  32|   0|   32|          0|
    |tmp_5_9_reg_2995         |  32|   0|   32|          0|
    |tmp_5_reg_2950           |  32|   0|   32|          0|
    |tmp_5_s_reg_3000         |  32|   0|   32|          0|
    |tmp_60_reg_2570          |  32|   0|   32|          0|
    |tmp_62_reg_2575          |  32|   0|   32|          0|
    |tmp_64_reg_2580          |  32|   0|   32|          0|
    |tmp_66_reg_2585          |  32|   0|   32|          0|
    |tmp_68_reg_2590          |  32|   0|   32|          0|
    |tmp_70_reg_2595          |  32|   0|   32|          0|
    |tmp_72_reg_2600          |  32|   0|   32|          0|
    |tmp_74_reg_2605          |  32|   0|   32|          0|
    |tmp_76_reg_2610          |  32|   0|   32|          0|
    |tmp_78_reg_2615          |  32|   0|   32|          0|
    |tmp_80_reg_2620          |  32|   0|   32|          0|
    |tmp_82_reg_2625          |  32|   0|   32|          0|
    |tmp_84_reg_2630          |  32|   0|   32|          0|
    |tmp_86_reg_2635          |  32|   0|   32|          0|
    |tmp_88_reg_2640          |  32|   0|   32|          0|
    |tmp_90_reg_2645          |  32|   0|   32|          0|
    |tmp_92_reg_2650          |  32|   0|   32|          0|
    |tmp_94_reg_2655          |  32|   0|   32|          0|
    |tmp_96_reg_2660          |  32|   0|   32|          0|
    |tmp_98_reg_2665          |  32|   0|   32|          0|
    |exitcond5_reg_2404       |  64|  32|    1|          0|
    |exitcond_reg_3710        |  64|  32|    1|          0|
    +-------------------------+----+----+-----+-----------+
    |Total                    |8089|  64| 7963|          0|
    +-------------------------+----+----+-----+-----------+



================================================================
== Interface
================================================================
* Summary: 
+-------------------+-----+-----+------------+-------------------+--------------+
|     RTL Ports     | Dir | Bits|  Protocol  |   Source Object   |    C Type    |
+-------------------+-----+-----+------------+-------------------+--------------+
|ap_clk             |  in |    1| ap_ctrl_hs | linear_activation | return value |
|ap_rst             |  in |    1| ap_ctrl_hs | linear_activation | return value |
|ap_start           |  in |    1| ap_ctrl_hs | linear_activation | return value |
|start_full_n       |  in |    1| ap_ctrl_hs | linear_activation | return value |
|ap_done            | out |    1| ap_ctrl_hs | linear_activation | return value |
|ap_continue        |  in |    1| ap_ctrl_hs | linear_activation | return value |
|ap_idle            | out |    1| ap_ctrl_hs | linear_activation | return value |
|ap_ready           | out |    1| ap_ctrl_hs | linear_activation | return value |
|start_out          | out |    1| ap_ctrl_hs | linear_activation | return value |
|start_write        | out |    1| ap_ctrl_hs | linear_activation | return value |
|data_in_V_dout     |  in |   32|   ap_fifo  |     data_in_V     |    pointer   |
|data_in_V_empty_n  |  in |    1|   ap_fifo  |     data_in_V     |    pointer   |
|data_in_V_read     | out |    1|   ap_fifo  |     data_in_V     |    pointer   |
|data_out_V_din     | out |   32|   ap_fifo  |     data_out_V    |    pointer   |
|data_out_V_full_n  |  in |    1|   ap_fifo  |     data_out_V    |    pointer   |
|data_out_V_write   | out |    1|   ap_fifo  |     data_out_V    |    pointer   |
+-------------------+-----+-----+------------+-------------------+--------------+

