

================================================================
== Vivado HLS Report for 'multiply_accumulate'
================================================================
* Date:           Mon Apr  9 21:30:11 2018

* Version:        2017.4 (Build 2086221 on Fri Dec 15 21:13:33 MST 2017)
* Project:        mnist_edpa
* Solution:       solution1
* Product family: zynq
* Target device:  xc7z020clg400-1


================================================================
== Performance Estimates
================================================================
+ Timing (ns): 
    * Summary: 
    +--------+-------+----------+------------+
    |  Clock | Target| Estimated| Uncertainty|
    +--------+-------+----------+------------+
    |ap_clk  |  15.00|     10.01|        1.88|
    +--------+-------+----------+------------+

+ Latency (clock cycles): 
    * Summary: 
    +-----+-----+-----+-----+----------+
    |  Latency  |  Interval | Pipeline |
    | min | max | min | max |   Type   |
    +-----+-----+-----+-----+----------+
    |    1|    1|    1|    1| function |
    +-----+-----+-----+-----+----------+

    + Detail: 
        * Instance: 
        N/A

        * Loop: 
        N/A



================================================================
== Utilization Estimates
================================================================
* Summary: 
+-----------------+---------+-------+--------+-------+
|       Name      | BRAM_18K| DSP48E|   FF   |  LUT  |
+-----------------+---------+-------+--------+-------+
|DSP              |        -|      1|       -|      -|
|Expression       |        -|      -|       0|    550|
|FIFO             |        -|      -|       -|      -|
|Instance         |        -|      -|       -|      -|
|Memory           |        -|      -|       -|      -|
|Multiplexer      |        -|      -|       -|      -|
|Register         |        -|      -|     109|      -|
+-----------------+---------+-------+--------+-------+
|Total            |        0|      1|     109|    550|
+-----------------+---------+-------+--------+-------+
|Available        |      280|    220|  106400|  53200|
+-----------------+---------+-------+--------+-------+
|Utilization (%)  |        0|   ~0  |   ~0   |      1|
+-----------------+---------+-------+--------+-------+

+ Detail: 
    * Instance: 
    N/A

    * DSP48: 
    +-------------------------+----------------------+-----------+
    |         Instance        |        Module        | Expression|
    +-------------------------+----------------------+-----------+
    |mnist_edp_mul_mulbkb_U9  |mnist_edp_mul_mulbkb  |  i0 * i1  |
    +-------------------------+----------------------+-----------+

    * Memory: 
    N/A

    * FIFO: 
    N/A

    * Expression: 
    +---------------------------------+----------+-------+---+-----+------------+------------+
    |          Variable Name          | Operation| DSP48E| FF| LUT | Bitwidth P0| Bitwidth P1|
    +---------------------------------+----------+-------+---+-----+------------+------------+
    |ap_return                        |     +    |      0|  0|   87|          80|          80|
    |op2_assign_fu_163_p2             |     +    |      0|  0|   15|           5|           7|
    |r_V_1_fu_134_p2                  |     +    |      0|  0|   15|           6|           6|
    |agg_result_V_assign_s_fu_143_p2  |     -    |      0|  0|   30|           1|          23|
    |tmp_5_fu_191_p2                  |     -    |      0|  0|   15|           4|           7|
    |tmp_7_fu_201_p2                  |   ashr   |      0|  0|   65|          23|          23|
    |r_V_2_fu_210_p3                  |  select  |      0|  0|   73|           1|          73|
    |result_V_2_fu_149_p3             |  select  |      0|  0|   23|           1|          23|
    |tmp_4_fu_185_p2                  |    shl   |      0|  0|  219|          73|          73|
    |exact_s_fu_112_p2                |    xor   |      0|  0|    8|           1|           1|
    +---------------------------------+----------+-------+---+-----+------------+------------+
    |Total                            |          |      0|  0|  550|         195|         316|
    +---------------------------------+----------+-------+---+-----+------------+------------+

    * Multiplexer: 
    N/A

    * Register: 
    +--------------------------------+----+----+-----+-----------+
    |              Name              | FF | LUT| Bits| Const Bits|
    +--------------------------------+----+----+-----+-----------+
    |CompleteRegister_m_c_1_reg_234  |  80|   0|   80|          0|
    |r_V_1_reg_239                   |   6|   0|    6|          0|
    |result_V_2_reg_244              |  23|   0|   23|          0|
    +--------------------------------+----+----+-----+-----------+
    |Total                           | 109|   0|  109|          0|
    +--------------------------------+----+----+-----+-----------+



================================================================
== Interface
================================================================
* Summary: 
+----------------------------------------------------+-----+-----+------------+----------------------------------------------------+--------------+
|                      RTL Ports                     | Dir | Bits|  Protocol  |                    Source Object                   |    C Type    |
+----------------------------------------------------+-----+-----+------------+----------------------------------------------------+--------------+
|ap_clk                                              |  in |    1| ap_ctrl_hs |                 multiply_accumulate                | return value |
|ap_rst                                              |  in |    1| ap_ctrl_hs |                 multiply_accumulate                | return value |
|ap_return                                           | out |   80| ap_ctrl_hs |                 multiply_accumulate                | return value |
|ap_ce                                               |  in |    1| ap_ctrl_hs |                 multiply_accumulate                | return value |
|CompleteRegister_ap_uint_16_ap_uint_16_m_cr_V_read  |  in |   80|   ap_none  | CompleteRegister_ap_uint_16_ap_uint_16_m_cr_V_read |    scalar    |
|in1_V                                               |  in |   16|   ap_none  |                        in1_V                       |    scalar    |
|in2_V                                               |  in |   16|   ap_none  |                        in2_V                       |    scalar    |
+----------------------------------------------------+-----+-----+------------+----------------------------------------------------+--------------+

